Switch>
Switch>
Switch>en
Switch#conf t
Enter configuration commands, one per line.  End with CNTL/Z.
Switch(config)#int rage fa0/2-3
                     ^
% Invalid input detected at '^' marker.
	
Switch(config)#int range fa0/2-3
Switch(config-if-range)#switchport mode access vlan 80
                                               ^
% Invalid input detected at '^' marker.
	
Switch(config-if-range)#switchport mode access
Switch(config-if-range)#
Switch(config-if-range)#switchport access vlan 80
% Access VLAN does not exist. Creating vlan 80
Switch(config-if-range)#
Switch(config-if-range)#int range fa0/4-5
Switch(config-if-range)#switchport mode access
Switch(config-if-range)#switchport access vlan 70
% Access VLAN does not exist. Creating vlan 70
Switch(config-if-range)#
Switch(config-if-range)#int range fa0/6-8
Switch(config-if-range)#switchport mode access
Switch(config-if-range)#switchport access vlan 60
% Access VLAN does not exist. Creating vlan 60
Switch(config-if-range)#
Switch(config-if-range)#do wr
Building configuration...
[OK]
Switch(config-if-range)#int range fa0/1
Switch(config-if-range)#switchport mode trunk

Switch(config-if-range)#
%LINEPROTO-5-UPDOWN: Line protocol on Interface FastEthernet0/1, changed state to down

%LINEPROTO-5-UPDOWN: Line protocol on Interface FastEthernet0/1, changed state to up

Switch(config-if-range)#
Switch(config-if-range)#do wr
Building configuration...
[OK]
Switch(config-if-range)#








Switch con0 is now available






Press RETURN to get started.













Switch>
Switch>en
Switch#conf t
Enter configuration commands, one per line.  End with CNTL/Z.
Switch(config)#do sh start
Using 1460 bytes
!
version 15.0
no service timestamps log datetime msec
no service timestamps debug datetime msec
no service password-encryption
!
hostname Switch
!
!
!
!
!
!
spanning-tree mode pvst
spanning-tree extend system-id
!
interface FastEthernet0/1
 switchport mode trunk
!
interface FastEthernet0/2
 switchport access vlan 80
 switchport mode access
!
interface FastEthernet0/3
 switchport access vlan 80
 switchport mode access
!
interface FastEthernet0/4
 switchport access vlan 70
 switchport mode access
!
interface FastEthernet0/5
 switchport access vlan 70
 switchport mode access
!
interface FastEthernet0/6
 switchport access vlan 60
 switchport mode access
!
interface FastEthernet0/7
 switchport access vlan 60
 switchport mode access
!
interface FastEthernet0/8
 switchport access vlan 60
 switchport mode access
!
interface FastEthernet0/9
!
interface FastEthernet0/10
!
interface FastEthernet0/11
!
interface FastEthernet0/12
!
interface FastEthernet0/13
!
interface FastEthernet0/14
!
interface FastEthernet0/15
!
interface FastEthernet0/16
!
interface FastEthernet0/17
!
interface FastEthernet0/18
!
interface FastEthernet0/19
!
interface FastEthernet0/20
!
interface FastEthernet0/21
!
interface FastEthernet0/22
!
interface FastEthernet0/23
!
interface FastEthernet0/24
!
interface GigabitEthernet0/1
!
interface GigabitEthernet0/2
!
interface Vlan1
 no ip address
 shutdown
!
!
!
!
line con 0
!
line vty 0 4
 login
line vty 5 15
 login
!
!
!
!
end


Switch(config)#  
